// Jest Snapshot v1, https://goo.gl/fbAQLP

exports[`GlobalStylesService should return the global styles 1`] = `"html{box-sizing:border-box;font-size:10px;}*,*::before,*::after{box-sizing:inherit;}body{color:rgb(62, 63, 75);background-color:rgb(249, 249, 251);padding:1.5rem;margin:0;font-size:1.75rem;line-height:1.5;font-family:\\"Open Sans\\",sans-serif;overflow-x:hidden;}figure{margin:0;}"`;
